Microchip MPLAB XC8 Compiler V2.46

Linker command line:

--edf=C:\Program Files\Microchip\xc8\v2.46\pic\dat\20240104201356_en.msgs \
  -cn -h+dist/default/debug\PIC16F88_Project_V2_-_KW.debug.sym \
  --cmf=dist/default/debug\PIC16F88_Project_V2_-_KW.debug.cmf -z -Q16F88 \
  -oC:\Users\KOSEN\AppData\Local\Temp\xcAslqs.\driver_tmp_3.o \
  --defsym=__MPLAB_BUILD=1 --fixupoverflow=error \
  -Mdist/default/debug/PIC16F88_Project_V2_-_KW.debug.map \
  --md=C:\Users\KOSEN\AppData\Local\Temp\xcAslqs.\driver_tmp_0.dat -E1 \
  -ver=XC8 Compiler --acfsm=1493 -ACODE=00h-07FFh,0800h-0EFFh \
  -ASTRCODE=00h-0EFFh -ASTRING=00h-0FFhx15 -ACONST=00h-0FFhx15 \
  -AENTRY=00h-0FFhx15 -ACOMMON=071h-07Fh -ABANK0=020h-06Fh \
  -ABANK1=0A0h-0EFh -ABANK2=0110h-016Fh -ABANK3=0190h-01E6h \
  -ARAM=020h-06Fh,0A0h-0EFh,0110h-016Fh,0190h-01E6h \
  -AABS1=020h-07Fh,0A0h-0EFh,0110h-016Fh,0190h-01EFh -ASFR0=00h-01Fh \
  -ASFR1=080h-09Fh -ASFR2=0100h-010Fh -ASFR3=0180h-018Fh \
  -ACONFIG=02007h-02008h -DCONFIG=2 -AIDLOC=02000h-02003h -DIDLOC=2 \
  -AEEDATA=00h-0FFh/02100h -peeprom_data=EEDATA -DEEDATA=2 -DCODE=2 \
  -DSTRCODE=2 -DSTRING=2 -DCONST=2 -DENTRY=2 \
  -preset_vec=00h,intentry,sivt,init,end_init -ppowerup=CODE -pcinit=CODE \
  -pfunctab=ENTRY -k \
  C:\Users\KOSEN\AppData\Local\Temp\xcAslqs.\driver_tmp_12.o \
  dist/default/debug\PIC16F88_Project_V2_-_KW.debug.o 

Object code version is 3.11

Machine type is 16F88



                Name                               Link     Load   Length Selector   Space Scale
C:\Users\KOSEN\AppData\Local\Temp\xcAslqs.\driver_tmp_12.o
                end_init                              1        1        2        0       0
                reset_vec                             0        0        1        0       0
                config                             2007     2007        2        0       4
dist/default/debug\PIC16F88_Project_V2_-_KW.debug.o
                cinit                               7EF      7EF       11      FDE       0
                config                             2007     2007        2        0       4
                text8                               54C      54C       10      A98       0
                text7                               66F      66F       67      CDE       0
                text6                               5B9      5B9       59      B72       0
                text5                               740      740       AF      E80       0
                text4                               53E      53E        E      A7C       0
                text3                               612      612       5D      C24       0
                text2                               581      581       38      B02       0
                text1                               55C      55C       25      AB8       0
                maintext                            6D6      6D6       6A      DAC       0
                cstackBANK0                          2C       2C        A       20       1
                cstackCOMMON                         71       71        C       71       1
                bssBANK0                             20       20        C       20       1

TOTAL           Name                               Link     Load   Length     Space
        CLASS   CODE           
                end_init                              1        1        2         0
                cinit                               7EF      7EF       11         0
                reset_vec                             0        0        1         0
                text8                               54C      54C       10         0
                text7                               66F      66F       67         0
                text6                               5B9      5B9       59         0
                text5                               740      740       AF         0
                text4                               53E      53E        E         0
                text3                               612      612       5D         0
                text2                               581      581       38         0
                text1                               55C      55C       25         0
                maintext                            6D6      6D6       6A         0

        CLASS   STRCODE        

        CLASS   STRING         

        CLASS   CONST          

        CLASS   ENTRY          

        CLASS   COMMON         
                cstackCOMMON                         71       71        C         1

        CLASS   BANK0          
                cstackBANK0                          2C       2C        A         1
                bssBANK0                             20       20        C         1

        CLASS   BANK1          

        CLASS   BANK2          

        CLASS   BANK3          

        CLASS   RAM            

        CLASS   ABS1           
                abs_s1                               7E       7E        2         1

        CLASS   SFR0           

        CLASS   SFR1           

        CLASS   SFR2           

        CLASS   SFR3           

        CLASS   CONFIG         
                config                             2007     2007        2         4

        CLASS   IDLOC          

        CLASS   EEDATA         

        CLASS   HEAP           

        CLASS   STACK          



SEGMENTS        Name                           Load    Length   Top    Selector   Space  Class     Delta

                reset_vec                      000000  000003  000003         0       0  CODE        2
                bssBANK0                       000020  000016  000036        20       1  BANK0       1
                cstackCOMMON                   000071  00000C  00007D        71       1  COMMON      1
                text4                          00053E  00000E  00054C       A7C       0  CODE        2
                text8                          00054C  000010  00055C       A98       0  CODE        2
                text1                          00055C  000025  000581       AB8       0  CODE        2
                text2                          000581  000038  0005B9       B02       0  CODE        2
                text6                          0005B9  000059  000612       B72       0  CODE        2
                text3                          000612  00005D  00066F       C24       0  CODE        2
                text7                          00066F  000067  0006D6       CDE       0  CODE        2
                maintext                       0006D6  00006A  000740       DAC       0  CODE        2
                text5                          000740  0000AF  0007EF       E80       0  CODE        2
                cinit                          0007EF  000011  000800       FDE       0  CODE        2


UNUSED ADDRESS RANGES

        Name                Unused          Largest block    Delta
        BANK0            0036-006F             3A           1
        BANK1            00A0-00EF             50           1
        BANK2            0110-016F             60           1
        BANK3            0190-01E6             57           1
        CODE             0003-053D            53B           2
                         0800-0EFF            700
        COMMON           007D-007D              1           1
        CONST            0003-053D            100           2
                         0800-0EFF            100
        EEDATA           2100-21FF            100           2
        ENTRY            0003-053D            100           2
                         0800-0EFF            100
        IDLOC            2000-2003              4           2
        RAM              0036-006F             3A           1
                         00A0-00EF             50
                         0110-016F             60
                         0190-01E6             57
        SFR0             0000-001F             20           1
        SFR1             0080-009F             20           1
        SFR2             0100-010F             10           1
        SFR3             0180-018F             10           1
        STRCODE          0003-053D            53B           2
                         0800-0EFF            700
        STRING           0003-053D            100           2
                         0800-0EFF            100

                                  Symbol Table

?___awdiv                cstackCOMMON 0071
?___awmod                cstackCOMMON 0071
?_getValue               cstackCOMMON 0071
_ADCON0                  (abs)        001F
_ADCON1                  (abs)        009F
_ANSEL                   (abs)        009B
_BW                      bssBANK0     0020
_CMCON                   (abs)        009C
_CVRCON                  (abs)        009D
_INTCON                  (abs)        000B
_OPTION_REG              (abs)        0081
_OSCCON                  (abs)        008F
_PIE2                    (abs)        008D
_PIR2                    (abs)        000D
_PORTA                   (abs)        0005
_PORTB                   (abs)        0006
_RA0                     (abs)        0028
_RA1                     (abs)        0029
_RA2                     (abs)        002A
_RA3                     (abs)        002B
_RA4                     (abs)        002C
_RA5                     (abs)        002D
_RA6                     (abs)        002E
_RA7                     (abs)        002F
_RB0                     (abs)        0030
_RB1                     (abs)        0031
_RB2                     (abs)        0032
_RB3                     (abs)        0033
_RB4                     (abs)        0034
_RB5                     (abs)        0035
_RB6                     (abs)        0036
_RB7                     (abs)        0037
_TRISA                   (abs)        0085
_TRISB                   (abs)        0086
__H__absolute__          __absolute__ 0000
__Habs1                  abs1         0000
__Hbank0                 bank0        0000
__Hbank1                 bank1        0000
__Hbank2                 bank2        0000
__Hbank3                 bank3        0000
__HbssBANK0              bssBANK0     0000
__Hcinit                 cinit        0800
__Hclrtext               clrtext      0000
__Hcode                  code         0000
__Hcommon                common       0000
__Hconfig                config       2009
__HcstackBANK0           cstackBANK0  0000
__HcstackCOMMON          cstackCOMMON 0000
__Heeprom_data           eeprom_data  0000
__Hend_init              end_init     0003
__Hfunctab               functab      0000
__Hheap                  heap         0000
__Hinit                  init         0001
__Hintentry              intentry     0001
__Hmaintext              maintext     0000
__Hpowerup               powerup      0000
__Hram                   ram          0000
__Hreset_vec             reset_vec    0001
__Hsfr0                  sfr0         0000
__Hsfr1                  sfr1         0000
__Hsfr2                  sfr2         0000
__Hsfr3                  sfr3         0000
__Hsivt                  sivt         0001
__Hspace_0               (abs)        0800
__Hspace_1               (abs)        007D
__Hspace_2               (abs)        0000
__Hspace_3               (abs)        0000
__Hspace_4               (abs)        4010
__Hstack                 stack        0000
__Hstrings               strings      0000
__Htext                  text         0000
__L__absolute__          __absolute__ 0000
__Labs1                  abs1         0000
__Lbank0                 bank0        0000
__Lbank1                 bank1        0000
__Lbank2                 bank2        0000
__Lbank3                 bank3        0000
__LbssBANK0              bssBANK0     0000
__Lcinit                 cinit        07EF
__Lclrtext               clrtext      0000
__Lcode                  code         0000
__Lcommon                common       0000
__Lconfig                config       0000
__LcstackBANK0           cstackBANK0  0000
__LcstackCOMMON          cstackCOMMON 0000
__Leeprom_data           eeprom_data  0000
__Lend_init              end_init     0001
__Lfunctab               functab      0000
__Lheap                  heap         0000
__Linit                  init         0001
__Lintentry              intentry     0001
__Lmaintext              maintext     0000
__Lpowerup               powerup      0000
__Lram                   ram          0000
__Lreset_vec             reset_vec    0000
__Lsfr0                  sfr0         0000
__Lsfr1                  sfr1         0000
__Lsfr2                  sfr2         0000
__Lsfr3                  sfr3         0000
__Lsivt                  sivt         0001
__Lspace_0               (abs)        0000
__Lspace_1               (abs)        0000
__Lspace_2               (abs)        0000
__Lspace_3               (abs)        0000
__Lspace_4               (abs)        0000
__Lstack                 stack        0000
__Lstrings               strings      0000
__Ltext                  text         0000
__S0                     (abs)        0800
__S1                     (abs)        007D
__S3                     (abs)        0000
___awdiv                 text7        066F
___awdiv@counter         cstackCOMMON 0075
___awdiv@dividend        cstackCOMMON 0073
___awdiv@divisor         cstackCOMMON 0071
___awdiv@quotient        cstackCOMMON 0077
___awdiv@sign            cstackCOMMON 0076
___awmod                 text6        05B9
___awmod@counter         cstackCOMMON 0075
___awmod@dividend        cstackCOMMON 0073
___awmod@divisor         cstackCOMMON 0071
___awmod@sign            cstackCOMMON 0076
___heap_hi               (abs)        0000
___heap_lo               (abs)        0000
___int_sp                stack        0000
___int_stack_hi          stack        0000
___int_stack_lo          stack        0000
___latbits               (abs)        0001
___sp                    stack        0000
___stack_hi              stack        0000
___stack_lo              stack        0000
___stackhi               (abs)        0000
___stacklo               (abs)        0000
__end_of___awdiv         text7        06D6
__end_of___awmod         text6        0612
__end_of__initialization cinit        07FD
__end_of_display7Seg     text5        07EF
__end_of_getValue        text4        054C
__end_of_kickOut         text2        05B9
__end_of_main            maintext     0740
__end_of_setMotor        text8        055C
__end_of_settings        text1        0581
__end_of_switchLoop      text3        066F
__initialization         cinit        07EF
__pbssBANK0              bssBANK0     0020
__pcstackBANK0           cstackBANK0  002C
__pcstackCOMMON          cstackCOMMON 0071
__pmaintext              maintext     06D6
__ptext1                 text1        055C
__ptext2                 text2        0581
__ptext3                 text3        0612
__ptext4                 text4        053E
__ptext5                 text5        0740
__ptext6                 text6        05B9
__ptext7                 text7        066F
__ptext8                 text8        054C
_display7Seg             text5        0740
_getValue                text4        053E
_iA                      bssBANK0     002A
_iW                      bssBANK0     0028
_kickOut                 text2        0581
_lastAS                  bssBANK0     0024
_lastSW                  bssBANK0     0022
_lastWS                  bssBANK0     0026
_main                    maintext     06D6
_setMotor                text8        054C
_settings                text1        055C
_switchLoop              text3        0612
btemp                    (abs)        007E
display7Seg@n            cstackCOMMON 0079
display7Seg@one          cstackBANK0  002C
display7Seg@ten          cstackBANK0  002E
end_of_initialization    cinit        07FD
getValue@current         cstackCOMMON 0071
intlevel0                functab      0000
intlevel1                functab      0000
intlevel2                functab      0000
intlevel3                functab      0000
intlevel4                functab      0000
intlevel5                functab      0000
reset_vec                reset_vec    0000
setMotor@on              cstackCOMMON 0071
start                    init         0001
start_initialization     cinit        07EF
wtemp0                   (abs)        007E


MODULE INFORMATION

Module		Function		Class		Link	Load	Size
C:\Program Files\Microchip\xc8\v2.46\pic\sources\c99\common\awdiv.c
		___awdiv       		CODE           	066F	0000	103

C:\Program Files\Microchip\xc8\v2.46\pic\sources\c99\common\awdiv.c estimated size: 103

shared
		__initialization		CODE           	07EF	0000	14

shared estimated size: 14

C:\Program Files\Microchip\xc8\v2.46\pic\sources\c99\common\awmod.c
		___awmod       		CODE           	05B9	0000	89

C:\Program Files\Microchip\xc8\v2.46\pic\sources\c99\common\awmod.c estimated size: 89

PIC16F88_test.c
		_getValue      		CODE           	053E	0000	14
		_display7Seg   		CODE           	0740	0000	175
		_settings      		CODE           	055C	0000	37
		_main          		CODE           	06D6	0000	106
		_setMotor      		CODE           	054C	0000	16
		_switchLoop    		CODE           	0612	0000	93
		_kickOut       		CODE           	0581	0000	56

PIC16F88_test.c estimated size: 497

